{
  "version": "1.5.0",
  "plugins_used": [
    {
      "name": "ArtifactoryDetector"
    },
    {
      "name": "AWSKeyDetector"
    },
    {
      "name": "AzureStorageKeyDetector"
    },
    {
      "name": "Base64HighEntropyString",
      "limit": 4.5
    },
    {
      "name": "BasicAuthDetector"
    },
    {
      "name": "CloudantDetector"
    },
    {
      "name": "DiscordBotTokenDetector"
    },
    {
      "name": "GitHubTokenDetector"
    },
    {
      "name": "GitLabTokenDetector"
    },
    {
      "name": "HexHighEntropyString",
      "limit": 3.0
    },
    {
      "name": "IbmCloudIamDetector"
    },
    {
      "name": "IbmCosHmacDetector"
    },
    {
      "name": "IPPublicDetector"
    },
    {
      "name": "JwtTokenDetector"
    },
    {
      "name": "KeywordDetector",
      "keyword_exclude": ""
    },
    {
      "name": "MailchimpDetector"
    },
    {
      "name": "NpmDetector"
    },
    {
      "name": "OpenAIDetector"
    },
    {
      "name": "PrivateKeyDetector"
    },
    {
      "name": "PypiTokenDetector"
    },
    {
      "name": "SendGridDetector"
    },
    {
      "name": "SlackDetector"
    },
    {
      "name": "SoftlayerDetector"
    },
    {
      "name": "SquareOAuthDetector"
    },
    {
      "name": "StripeDetector"
    },
    {
      "name": "TelegramBotTokenDetector"
    },
    {
      "name": "TwilioKeyDetector"
    }
  ],
  "filters_used": [
    {
      "path": "detect_secrets.filters.allowlist.is_line_allowlisted"
    },
    {
      "path": "detect_secrets.filters.common.is_baseline_file",
      "filename": ".secrets.baseline"
    },
    {
      "path": "detect_secrets.filters.heuristic.is_indirect_reference"
    },
    {
      "path": "detect_secrets.filters.heuristic.is_likely_id_string"
    },
    {
      "path": "detect_secrets.filters.heuristic.is_lock_file"
    },
    {
      "path": "detect_secrets.filters.heuristic.is_not_alphanumeric_string"
    },
    {
      "path": "detect_secrets.filters.heuristic.is_potential_uuid"
    },
    {
      "path": "detect_secrets.filters.heuristic.is_prefixed_with_dollar_sign"
    },
    {
      "path": "detect_secrets.filters.heuristic.is_sequential_string"
    },
    {
      "path": "detect_secrets.filters.heuristic.is_swagger_file"
    },
    {
      "path": "detect_secrets.filters.heuristic.is_templated_secret"
    },
    {
      "path": "detect_secrets.filters.regex.should_exclude_file",
      "pattern": [
        "(^|[\\\\/])(\\.git|\\.venv|\\.test-env|\\.evidence|\\.secrets\\.baseline|dist|\\.mypy_cache|\\.pytest_cache|\\.ruff_cache)([\\\\/]|$)"
      ]
    }
  ],
  "results": {
    "PROGRESS.json": [
      {
        "type": "Hex High Entropy String",
        "filename": "PROGRESS.json",
        "hashed_secret": "73692b4d24309387849183fee5162d2fb8a99cc4",
        "is_verified": false,
        "line_number": 11,
        "is_secret": false
      },
      {
        "type": "Hex High Entropy String",
        "filename": "PROGRESS.json",
        "hashed_secret": "f471db7b37e49893d6669c08fa7ea2b1b25514c0",
        "is_verified": false,
        "line_number": 22,
        "is_secret": false
      },
      {
        "type": "Hex High Entropy String",
        "filename": "PROGRESS.json",
        "hashed_secret": "3be9b24994f441d7716cdb590bd45c493d891527",
        "is_verified": false,
        "line_number": 33,
        "is_secret": false
      },
      {
        "type": "Hex High Entropy String",
        "filename": "PROGRESS.json",
        "hashed_secret": "2626dbb4f149de8384cd835c89eb145420fff382",
        "is_verified": false,
        "line_number": 37,
        "is_secret": false
      },
      {
        "type": "Hex High Entropy String",
        "filename": "PROGRESS.json",
        "hashed_secret": "e138d12c80f0eeeb43e971ad6391013930fbb81e",
        "is_verified": false,
        "line_number": 48,
        "is_secret": false
      },
      {
        "type": "Hex High Entropy String",
        "filename": "PROGRESS.json",
        "hashed_secret": "6f81a76a34755971270e79eb11c5b69035ba2d46",
        "is_verified": false,
        "line_number": 59,
        "is_secret": false
      },
      {
        "type": "Hex High Entropy String",
        "filename": "PROGRESS.json",
        "hashed_secret": "ec5933b446f395a3fe683639113fd7aa3d7cd898",
        "is_verified": false,
        "line_number": 63,
        "is_secret": false
      },
      {
        "type": "Hex High Entropy String",
        "filename": "PROGRESS.json",
        "hashed_secret": "19bd363102276ebfad708f836c4261ff1ed56cd0",
        "is_verified": false,
        "line_number": 74,
        "is_secret": false
      },
      {
        "type": "Hex High Entropy String",
        "filename": "PROGRESS.json",
        "hashed_secret": "b48d3c0c5cadd0da475ee614f1fa809c980d9511",
        "is_verified": false,
        "line_number": 78,
        "is_secret": false
      },
      {
        "type": "Hex High Entropy String",
        "filename": "PROGRESS.json",
        "hashed_secret": "7ee216cc2a7da765177756a5e3eaec379e390483",
        "is_verified": false,
        "line_number": 89,
        "is_secret": false
      },
      {
        "type": "Hex High Entropy String",
        "filename": "PROGRESS.json",
        "hashed_secret": "9ed8181d85aa68815d5622e1f834f229743b4d99",
        "is_verified": false,
        "line_number": 93,
        "is_secret": false
      },
      {
        "type": "Hex High Entropy String",
        "filename": "PROGRESS.json",
        "hashed_secret": "8c8e684e4f3836f0722bb1e403e85ef85dd81db2",
        "is_verified": false,
        "line_number": 104,
        "is_secret": false
      },
      {
        "type": "Hex High Entropy String",
        "filename": "PROGRESS.json",
        "hashed_secret": "1c4ed0931dac32b659712f57d02f6e9055ac2273",
        "is_verified": false,
        "line_number": 115,
        "is_secret": false
      }
    ],
    "scripts\\contract.py": [
      {
        "type": "Hex High Entropy String",
        "filename": "scripts\\contract.py",
        "hashed_secret": "ea8b4b77c66ddad5b1d5401e880517e359f4ec3c",
        "is_verified": false,
        "line_number": 16,
        "is_secret": false
      },
      {
        "type": "Hex High Entropy String",
        "filename": "scripts\\contract.py",
        "hashed_secret": "a245c90e72da160a2210716cdfb00212e6e8c8cb",
        "is_verified": false,
        "line_number": 17,
        "is_secret": false
      }
    ],
    "scripts\\gates\\RS_G01.py": [
      {
        "type": "Hex High Entropy String",
        "filename": "scripts\\gates\\RS_G01.py",
        "hashed_secret": "341ed090d8ffa1c31947df5bdd27c4a65b5a2073",
        "is_verified": false,
        "line_number": 106,
        "is_secret": false
      }
    ],
    "scripts\\gates\\RS_G02.py": [
      {
        "type": "Hex High Entropy String",
        "filename": "scripts\\gates\\RS_G02.py",
        "hashed_secret": "341ed090d8ffa1c31947df5bdd27c4a65b5a2073",
        "is_verified": false,
        "line_number": 56,
        "is_secret": false
      }
    ],
    "scripts\\gates\\RS_G03.py": [
      {
        "type": "Hex High Entropy String",
        "filename": "scripts\\gates\\RS_G03.py",
        "hashed_secret": "341ed090d8ffa1c31947df5bdd27c4a65b5a2073",
        "is_verified": false,
        "line_number": 56,
        "is_secret": false
      }
    ],
    "scripts\\gates\\RS_G04.py": [
      {
        "type": "Hex High Entropy String",
        "filename": "scripts\\gates\\RS_G04.py",
        "hashed_secret": "341ed090d8ffa1c31947df5bdd27c4a65b5a2073",
        "is_verified": false,
        "line_number": 56,
        "is_secret": false
      }
    ],
    "scripts\\gates\\RS_G05.py": [
      {
        "type": "Hex High Entropy String",
        "filename": "scripts\\gates\\RS_G05.py",
        "hashed_secret": "341ed090d8ffa1c31947df5bdd27c4a65b5a2073",
        "is_verified": false,
        "line_number": 47,
        "is_secret": false
      }
    ],
    "scripts\\gates\\RS_G06.py": [
      {
        "type": "Hex High Entropy String",
        "filename": "scripts\\gates\\RS_G06.py",
        "hashed_secret": "341ed090d8ffa1c31947df5bdd27c4a65b5a2073",
        "is_verified": false,
        "line_number": 45,
        "is_secret": false
      }
    ],
    "scripts\\gates\\RS_G07.py": [
      {
        "type": "Hex High Entropy String",
        "filename": "scripts\\gates\\RS_G07.py",
        "hashed_secret": "341ed090d8ffa1c31947df5bdd27c4a65b5a2073",
        "is_verified": false,
        "line_number": 44,
        "is_secret": false
      }
    ],
    "scripts\\gates\\RS_G08.py": [
      {
        "type": "Hex High Entropy String",
        "filename": "scripts\\gates\\RS_G08.py",
        "hashed_secret": "341ed090d8ffa1c31947df5bdd27c4a65b5a2073",
        "is_verified": false,
        "line_number": 43,
        "is_secret": false
      }
    ],
    "scripts\\gates\\RS_G09.py": [
      {
        "type": "Hex High Entropy String",
        "filename": "scripts\\gates\\RS_G09.py",
        "hashed_secret": "341ed090d8ffa1c31947df5bdd27c4a65b5a2073",
        "is_verified": false,
        "line_number": 49,
        "is_secret": false
      }
    ],
    "scripts\\gates\\RS_G10.py": [
      {
        "type": "Hex High Entropy String",
        "filename": "scripts\\gates\\RS_G10.py",
        "hashed_secret": "341ed090d8ffa1c31947df5bdd27c4a65b5a2073",
        "is_verified": false,
        "line_number": 217,
        "is_secret": false
      }
    ],
    "scripts\\gates\\RS_G11.py": [
      {
        "type": "Hex High Entropy String",
        "filename": "scripts\\gates\\RS_G11.py",
        "hashed_secret": "341ed090d8ffa1c31947df5bdd27c4a65b5a2073",
        "is_verified": false,
        "line_number": 57,
        "is_secret": false
      }
    ],
    "scripts\\gates\\RS_G12.py": [
      {
        "type": "Hex High Entropy String",
        "filename": "scripts\\gates\\RS_G12.py",
        "hashed_secret": "341ed090d8ffa1c31947df5bdd27c4a65b5a2073",
        "is_verified": false,
        "line_number": 82,
        "is_secret": false
      }
    ],
    "scripts\\gates\\RS_G13.py": [
      {
        "type": "Hex High Entropy String",
        "filename": "scripts\\gates\\RS_G13.py",
        "hashed_secret": "341ed090d8ffa1c31947df5bdd27c4a65b5a2073",
        "is_verified": false,
        "line_number": 243,
        "is_secret": false
      }
    ],
    "tests\\test_gate_verifiers.py": [
      {
        "type": "Hex High Entropy String",
        "filename": "tests\\test_gate_verifiers.py",
        "hashed_secret": "ce604e89bc3aa130d0474efb36b54c977f16b504",
        "is_verified": false,
        "line_number": 349,
        "is_secret": false
      }
    ],
    "tests\\test_security_tooling.py": [
      {
        "type": "Secret Keyword",
        "filename": "tests\\test_security_tooling.py",
        "hashed_secret": "70014f3612c19f01c07f1a69d7e86954df643f09",
        "is_verified": false,
        "line_number": 23,
        "is_secret": false
      }
    ]
  },
  "generated_at": "2026-07-25T15:46:30Z"
}
