{
  "version": "1.5.0",
  "plugins_used": [
    {
      "name": "ArtifactoryDetector"
    },
    {
      "name": "AWSKeyDetector"
    },
    {
      "name": "AzureStorageKeyDetector"
    },
    {
      "name": "Base64HighEntropyString",
      "limit": 4.5
    },
    {
      "name": "BasicAuthDetector"
    },
    {
      "name": "CloudantDetector"
    },
    {
      "name": "DiscordBotTokenDetector"
    },
    {
      "name": "GitHubTokenDetector"
    },
    {
      "name": "GitLabTokenDetector"
    },
    {
      "name": "HexHighEntropyString",
      "limit": 3.0
    },
    {
      "name": "IbmCloudIamDetector"
    },
    {
      "name": "IbmCosHmacDetector"
    },
    {
      "name": "IPPublicDetector"
    },
    {
      "name": "JwtTokenDetector"
    },
    {
      "name": "KeywordDetector",
      "keyword_exclude": ""
    },
    {
      "name": "MailchimpDetector"
    },
    {
      "name": "NpmDetector"
    },
    {
      "name": "OpenAIDetector"
    },
    {
      "name": "PrivateKeyDetector"
    },
    {
      "name": "PypiTokenDetector"
    },
    {
      "name": "SendGridDetector"
    },
    {
      "name": "SlackDetector"
    },
    {
      "name": "SoftlayerDetector"
    },
    {
      "name": "SquareOAuthDetector"
    },
    {
      "name": "StripeDetector"
    },
    {
      "name": "TelegramBotTokenDetector"
    },
    {
      "name": "TwilioKeyDetector"
    }
  ],
  "filters_used": [
    {
      "path": "detect_secrets.filters.allowlist.is_line_allowlisted"
    },
    {
      "path": "detect_secrets.filters.common.is_baseline_file",
      "filename": ".secrets.baseline"
    },
    {
      "path": "detect_secrets.filters.heuristic.is_indirect_reference"
    },
    {
      "path": "detect_secrets.filters.heuristic.is_likely_id_string"
    },
    {
      "path": "detect_secrets.filters.heuristic.is_lock_file"
    },
    {
      "path": "detect_secrets.filters.heuristic.is_not_alphanumeric_string"
    },
    {
      "path": "detect_secrets.filters.heuristic.is_potential_uuid"
    },
    {
      "path": "detect_secrets.filters.heuristic.is_prefixed_with_dollar_sign"
    },
    {
      "path": "detect_secrets.filters.heuristic.is_sequential_string"
    },
    {
      "path": "detect_secrets.filters.heuristic.is_swagger_file"
    },
    {
      "path": "detect_secrets.filters.heuristic.is_templated_secret"
    },
    {
      "path": "detect_secrets.filters.regex.should_exclude_file",
      "pattern": [
        "(^|[\\\\/])(\\.git|\\.venv|\\.test-env|\\.evidence|\\.secrets\\.baseline|dist|\\.mypy_cache|\\.pytest_cache|\\.ruff_cache)([\\\\/]|$)"
      ]
    }
  ],
  "results": {
    "PROGRESS.json": [
      {
        "type": "Hex High Entropy String",
        "filename": "PROGRESS.json",
        "hashed_secret": "c6c0bdbd30c653f14ef742b2cab7bce41eb92468",
        "is_verified": false,
        "line_number": 11,
        "is_secret": false
      },
      {
        "type": "Hex High Entropy String",
        "filename": "PROGRESS.json",
        "hashed_secret": "e7a388c85d2cc406298f98c2ad97bb8bcbf851f7",
        "is_verified": false,
        "line_number": 22,
        "is_secret": false
      },
      {
        "type": "Hex High Entropy String",
        "filename": "PROGRESS.json",
        "hashed_secret": "414b4f42ccfebae3203b2976432aebf4ecde1204",
        "is_verified": false,
        "line_number": 33,
        "is_secret": false
      },
      {
        "type": "Hex High Entropy String",
        "filename": "PROGRESS.json",
        "hashed_secret": "71d1721351cd30ad85eef095710b338b64445b79",
        "is_verified": false,
        "line_number": 37,
        "is_secret": false
      },
      {
        "type": "Hex High Entropy String",
        "filename": "PROGRESS.json",
        "hashed_secret": "b865c8548af290a010a0e6c8f21a71fa8149f042",
        "is_verified": false,
        "line_number": 48,
        "is_secret": false
      },
      {
        "type": "Hex High Entropy String",
        "filename": "PROGRESS.json",
        "hashed_secret": "c9a0c1ed500bc6d71d7e6686c6a0ce26d13362af",
        "is_verified": false,
        "line_number": 59,
        "is_secret": false
      },
      {
        "type": "Hex High Entropy String",
        "filename": "PROGRESS.json",
        "hashed_secret": "740e078f88eceeccef89216c6b12799045b74b35",
        "is_verified": false,
        "line_number": 63,
        "is_secret": false
      },
      {
        "type": "Hex High Entropy String",
        "filename": "PROGRESS.json",
        "hashed_secret": "dab45604e8de91ce49f3e5c185e63e813be67ab4",
        "is_verified": false,
        "line_number": 74,
        "is_secret": false
      },
      {
        "type": "Hex High Entropy String",
        "filename": "PROGRESS.json",
        "hashed_secret": "ee4a5b4751209fd917914b6b7aaeae474151f950",
        "is_verified": false,
        "line_number": 78,
        "is_secret": false
      },
      {
        "type": "Hex High Entropy String",
        "filename": "PROGRESS.json",
        "hashed_secret": "1c83ff7aefb5c5a2d8df16f3a62a7b465418b87d",
        "is_verified": false,
        "line_number": 89,
        "is_secret": false
      },
      {
        "type": "Hex High Entropy String",
        "filename": "PROGRESS.json",
        "hashed_secret": "9abcd41447e6974cf3bf95b3a5405adb4330356d",
        "is_verified": false,
        "line_number": 93,
        "is_secret": false
      },
      {
        "type": "Hex High Entropy String",
        "filename": "PROGRESS.json",
        "hashed_secret": "03323f89b7e9a62c47d80a317fcd90cd48185eab",
        "is_verified": false,
        "line_number": 104,
        "is_secret": false
      },
      {
        "type": "Hex High Entropy String",
        "filename": "PROGRESS.json",
        "hashed_secret": "8f7f7b8a3843dc0e296174d2a15d82506e9c4150",
        "is_verified": false,
        "line_number": 115,
        "is_secret": false
      }
    ],
    "scripts\\contract.py": [
      {
        "type": "Hex High Entropy String",
        "filename": "scripts\\contract.py",
        "hashed_secret": "ea8b4b77c66ddad5b1d5401e880517e359f4ec3c",
        "is_verified": false,
        "line_number": 16,
        "is_secret": false
      },
      {
        "type": "Hex High Entropy String",
        "filename": "scripts\\contract.py",
        "hashed_secret": "a245c90e72da160a2210716cdfb00212e6e8c8cb",
        "is_verified": false,
        "line_number": 17,
        "is_secret": false
      }
    ],
    "scripts\\gates\\RS_G01.py": [
      {
        "type": "Hex High Entropy String",
        "filename": "scripts\\gates\\RS_G01.py",
        "hashed_secret": "341ed090d8ffa1c31947df5bdd27c4a65b5a2073",
        "is_verified": false,
        "line_number": 106,
        "is_secret": false
      }
    ],
    "scripts\\gates\\RS_G02.py": [
      {
        "type": "Hex High Entropy String",
        "filename": "scripts\\gates\\RS_G02.py",
        "hashed_secret": "341ed090d8ffa1c31947df5bdd27c4a65b5a2073",
        "is_verified": false,
        "line_number": 56,
        "is_secret": false
      }
    ],
    "scripts\\gates\\RS_G03.py": [
      {
        "type": "Hex High Entropy String",
        "filename": "scripts\\gates\\RS_G03.py",
        "hashed_secret": "341ed090d8ffa1c31947df5bdd27c4a65b5a2073",
        "is_verified": false,
        "line_number": 56,
        "is_secret": false
      }
    ],
    "scripts\\gates\\RS_G04.py": [
      {
        "type": "Hex High Entropy String",
        "filename": "scripts\\gates\\RS_G04.py",
        "hashed_secret": "341ed090d8ffa1c31947df5bdd27c4a65b5a2073",
        "is_verified": false,
        "line_number": 56,
        "is_secret": false
      }
    ],
    "scripts\\gates\\RS_G05.py": [
      {
        "type": "Hex High Entropy String",
        "filename": "scripts\\gates\\RS_G05.py",
        "hashed_secret": "341ed090d8ffa1c31947df5bdd27c4a65b5a2073",
        "is_verified": false,
        "line_number": 47,
        "is_secret": false
      }
    ],
    "scripts\\gates\\RS_G06.py": [
      {
        "type": "Hex High Entropy String",
        "filename": "scripts\\gates\\RS_G06.py",
        "hashed_secret": "341ed090d8ffa1c31947df5bdd27c4a65b5a2073",
        "is_verified": false,
        "line_number": 45,
        "is_secret": false
      }
    ],
    "scripts\\gates\\RS_G07.py": [
      {
        "type": "Hex High Entropy String",
        "filename": "scripts\\gates\\RS_G07.py",
        "hashed_secret": "341ed090d8ffa1c31947df5bdd27c4a65b5a2073",
        "is_verified": false,
        "line_number": 44,
        "is_secret": false
      }
    ],
    "scripts\\gates\\RS_G08.py": [
      {
        "type": "Hex High Entropy String",
        "filename": "scripts\\gates\\RS_G08.py",
        "hashed_secret": "341ed090d8ffa1c31947df5bdd27c4a65b5a2073",
        "is_verified": false,
        "line_number": 43,
        "is_secret": false
      }
    ],
    "scripts\\gates\\RS_G09.py": [
      {
        "type": "Hex High Entropy String",
        "filename": "scripts\\gates\\RS_G09.py",
        "hashed_secret": "341ed090d8ffa1c31947df5bdd27c4a65b5a2073",
        "is_verified": false,
        "line_number": 49,
        "is_secret": false
      }
    ],
    "scripts\\gates\\RS_G10.py": [
      {
        "type": "Hex High Entropy String",
        "filename": "scripts\\gates\\RS_G10.py",
        "hashed_secret": "341ed090d8ffa1c31947df5bdd27c4a65b5a2073",
        "is_verified": false,
        "line_number": 217,
        "is_secret": false
      }
    ],
    "scripts\\gates\\RS_G11.py": [
      {
        "type": "Hex High Entropy String",
        "filename": "scripts\\gates\\RS_G11.py",
        "hashed_secret": "341ed090d8ffa1c31947df5bdd27c4a65b5a2073",
        "is_verified": false,
        "line_number": 57,
        "is_secret": false
      }
    ],
    "scripts\\gates\\RS_G12.py": [
      {
        "type": "Hex High Entropy String",
        "filename": "scripts\\gates\\RS_G12.py",
        "hashed_secret": "341ed090d8ffa1c31947df5bdd27c4a65b5a2073",
        "is_verified": false,
        "line_number": 82,
        "is_secret": false
      }
    ],
    "scripts\\gates\\RS_G13.py": [
      {
        "type": "Hex High Entropy String",
        "filename": "scripts\\gates\\RS_G13.py",
        "hashed_secret": "341ed090d8ffa1c31947df5bdd27c4a65b5a2073",
        "is_verified": false,
        "line_number": 243,
        "is_secret": false
      }
    ],
    "tests\\test_gate_verifiers.py": [
      {
        "type": "Hex High Entropy String",
        "filename": "tests\\test_gate_verifiers.py",
        "hashed_secret": "ce604e89bc3aa130d0474efb36b54c977f16b504",
        "is_verified": false,
        "line_number": 349,
        "is_secret": false
      }
    ],
    "tests\\test_security_tooling.py": [
      {
        "type": "Secret Keyword",
        "filename": "tests\\test_security_tooling.py",
        "hashed_secret": "70014f3612c19f01c07f1a69d7e86954df643f09",
        "is_verified": false,
        "line_number": 23,
        "is_secret": false
      }
    ]
  },
  "generated_at": "2026-07-25T15:22:14Z"
}
