{
  "version": "1.5.0",
  "plugins_used": [
    {
      "name": "ArtifactoryDetector"
    },
    {
      "name": "AWSKeyDetector"
    },
    {
      "name": "AzureStorageKeyDetector"
    },
    {
      "name": "Base64HighEntropyString",
      "limit": 4.5
    },
    {
      "name": "BasicAuthDetector"
    },
    {
      "name": "CloudantDetector"
    },
    {
      "name": "DiscordBotTokenDetector"
    },
    {
      "name": "GitHubTokenDetector"
    },
    {
      "name": "GitLabTokenDetector"
    },
    {
      "name": "HexHighEntropyString",
      "limit": 3.0
    },
    {
      "name": "IbmCloudIamDetector"
    },
    {
      "name": "IbmCosHmacDetector"
    },
    {
      "name": "IPPublicDetector"
    },
    {
      "name": "JwtTokenDetector"
    },
    {
      "name": "KeywordDetector",
      "keyword_exclude": ""
    },
    {
      "name": "MailchimpDetector"
    },
    {
      "name": "NpmDetector"
    },
    {
      "name": "OpenAIDetector"
    },
    {
      "name": "PrivateKeyDetector"
    },
    {
      "name": "PypiTokenDetector"
    },
    {
      "name": "SendGridDetector"
    },
    {
      "name": "SlackDetector"
    },
    {
      "name": "SoftlayerDetector"
    },
    {
      "name": "SquareOAuthDetector"
    },
    {
      "name": "StripeDetector"
    },
    {
      "name": "TelegramBotTokenDetector"
    },
    {
      "name": "TwilioKeyDetector"
    }
  ],
  "filters_used": [
    {
      "path": "detect_secrets.filters.allowlist.is_line_allowlisted"
    },
    {
      "path": "detect_secrets.filters.common.is_baseline_file",
      "filename": ".secrets.baseline"
    },
    {
      "path": "detect_secrets.filters.heuristic.is_indirect_reference"
    },
    {
      "path": "detect_secrets.filters.heuristic.is_likely_id_string"
    },
    {
      "path": "detect_secrets.filters.heuristic.is_lock_file"
    },
    {
      "path": "detect_secrets.filters.heuristic.is_not_alphanumeric_string"
    },
    {
      "path": "detect_secrets.filters.heuristic.is_potential_uuid"
    },
    {
      "path": "detect_secrets.filters.heuristic.is_prefixed_with_dollar_sign"
    },
    {
      "path": "detect_secrets.filters.heuristic.is_sequential_string"
    },
    {
      "path": "detect_secrets.filters.heuristic.is_swagger_file"
    },
    {
      "path": "detect_secrets.filters.heuristic.is_templated_secret"
    },
    {
      "path": "detect_secrets.filters.regex.should_exclude_file",
      "pattern": [
        "(^|[\\\\/])(\\.git|\\.venv|\\.test-env|\\.evidence|\\.secrets\\.baseline|dist|\\.mypy_cache|\\.pytest_cache|\\.ruff_cache)([\\\\/]|$)"
      ]
    }
  ],
  "results": {
    "CONTRACT_VERSION.json": [
      {
        "type": "Hex High Entropy String",
        "filename": "CONTRACT_VERSION.json",
        "hashed_secret": "b056a1bea6fabd9d16724c112a4d05ee28a534a1",
        "is_verified": false,
        "line_number": 1,
        "is_secret": false
      }
    ],
    "PROGRESS.json": [
      {
        "type": "Hex High Entropy String",
        "filename": "PROGRESS.json",
        "hashed_secret": "8c163ffe6ad950d26c1eb8361afe9e09ee7ce084",
        "is_verified": false,
        "line_number": 11,
        "is_secret": false
      },
      {
        "type": "Hex High Entropy String",
        "filename": "PROGRESS.json",
        "hashed_secret": "acb61cadb21be2513fdf8d79fe69e55434b673f2",
        "is_verified": false,
        "line_number": 22,
        "is_secret": false
      },
      {
        "type": "Hex High Entropy String",
        "filename": "PROGRESS.json",
        "hashed_secret": "c708c7c42d088479423caffa9814476d4cae599b",
        "is_verified": false,
        "line_number": 33,
        "is_secret": false
      },
      {
        "type": "Hex High Entropy String",
        "filename": "PROGRESS.json",
        "hashed_secret": "6c9a77af93bec15a7589ded447f3302266a064bb",
        "is_verified": false,
        "line_number": 37,
        "is_secret": false
      },
      {
        "type": "Hex High Entropy String",
        "filename": "PROGRESS.json",
        "hashed_secret": "654ee654f71d5e193fff9c51f385caa5fbdfff22",
        "is_verified": false,
        "line_number": 48,
        "is_secret": false
      },
      {
        "type": "Hex High Entropy String",
        "filename": "PROGRESS.json",
        "hashed_secret": "d996f9aed0ec54d31b1b14a045b42556bc2faf75",
        "is_verified": false,
        "line_number": 59,
        "is_secret": false
      },
      {
        "type": "Hex High Entropy String",
        "filename": "PROGRESS.json",
        "hashed_secret": "81e06190ca04a9ae320c4e91d827c6d76455bc85",
        "is_verified": false,
        "line_number": 63,
        "is_secret": false
      },
      {
        "type": "Hex High Entropy String",
        "filename": "PROGRESS.json",
        "hashed_secret": "80b275fbbd1b128e88970a8aaed80a06161392de",
        "is_verified": false,
        "line_number": 74,
        "is_secret": false
      },
      {
        "type": "Hex High Entropy String",
        "filename": "PROGRESS.json",
        "hashed_secret": "57b0e04ffbf504bc58d1b04bd6d53aeb5f6deadc",
        "is_verified": false,
        "line_number": 78,
        "is_secret": false
      },
      {
        "type": "Hex High Entropy String",
        "filename": "PROGRESS.json",
        "hashed_secret": "da98a89b06c96c81eec90ae0f895b0053c6f6ec1",
        "is_verified": false,
        "line_number": 89,
        "is_secret": false
      },
      {
        "type": "Hex High Entropy String",
        "filename": "PROGRESS.json",
        "hashed_secret": "8b83379796bbdcf02d6ba47cce1a3a648af7fb09",
        "is_verified": false,
        "line_number": 93,
        "is_secret": false
      },
      {
        "type": "Hex High Entropy String",
        "filename": "PROGRESS.json",
        "hashed_secret": "3cc6bbbf8aabc95ec71af301ca800a03774aaa0e",
        "is_verified": false,
        "line_number": 104,
        "is_secret": false
      },
      {
        "type": "Hex High Entropy String",
        "filename": "PROGRESS.json",
        "hashed_secret": "799c350c142d37eb0d36f3443f997497bc06be97",
        "is_verified": false,
        "line_number": 115,
        "is_secret": false
      }
    ],
    "docs\\canonical-migration-state.json": [
      {
        "type": "Hex High Entropy String",
        "filename": "docs\\canonical-migration-state.json",
        "hashed_secret": "a05d1ce201511272e20bab5d33e11326d3e4ec95",
        "is_verified": false,
        "line_number": 8,
        "is_secret": false
      },
      {
        "type": "Hex High Entropy String",
        "filename": "docs\\canonical-migration-state.json",
        "hashed_secret": "b056a1bea6fabd9d16724c112a4d05ee28a534a1",
        "is_verified": false,
        "line_number": 19,
        "is_secret": false
      },
      {
        "type": "Hex High Entropy String",
        "filename": "docs\\canonical-migration-state.json",
        "hashed_secret": "7801e8cb5beec79a9101ffa706980193fd4483cf",
        "is_verified": false,
        "line_number": 24,
        "is_secret": false
      },
      {
        "type": "Hex High Entropy String",
        "filename": "docs\\canonical-migration-state.json",
        "hashed_secret": "893c8be51c38b9828ca49d347682e0171a976673",
        "is_verified": false,
        "line_number": 29,
        "is_secret": false
      },
      {
        "type": "Hex High Entropy String",
        "filename": "docs\\canonical-migration-state.json",
        "hashed_secret": "7353c2bc565a1cbbb1345ef33f5b401c10dee067",
        "is_verified": false,
        "line_number": 36,
        "is_secret": false
      },
      {
        "type": "Hex High Entropy String",
        "filename": "docs\\canonical-migration-state.json",
        "hashed_secret": "3fcca27ecaf5247f18bb85e67c173c0287eb14dc",
        "is_verified": false,
        "line_number": 44,
        "is_secret": false
      },
      {
        "type": "Hex High Entropy String",
        "filename": "docs\\canonical-migration-state.json",
        "hashed_secret": "dba8f6a69c82282e731aa74ffcb20926e4395117",
        "is_verified": false,
        "line_number": 52,
        "is_secret": false
      }
    ],
    "docs\\contract-v2-port.json": [
      {
        "type": "Hex High Entropy String",
        "filename": "docs\\contract-v2-port.json",
        "hashed_secret": "7353c2bc565a1cbbb1345ef33f5b401c10dee067",
        "is_verified": false,
        "line_number": 4,
        "is_secret": false
      },
      {
        "type": "Hex High Entropy String",
        "filename": "docs\\contract-v2-port.json",
        "hashed_secret": "7801e8cb5beec79a9101ffa706980193fd4483cf",
        "is_verified": false,
        "line_number": 5,
        "is_secret": false
      }
    ],
    "scripts\\contract.py": [
      {
        "type": "Hex High Entropy String",
        "filename": "scripts\\contract.py",
        "hashed_secret": "b056a1bea6fabd9d16724c112a4d05ee28a534a1",
        "is_verified": false,
        "line_number": 15,
        "is_secret": false
      },
      {
        "type": "Hex High Entropy String",
        "filename": "scripts\\contract.py",
        "hashed_secret": "ef19027beba8eb8829b0840bc65f033b0e452c97",
        "is_verified": false,
        "line_number": 18,
        "is_secret": false
      },
      {
        "type": "Hex High Entropy String",
        "filename": "scripts\\contract.py",
        "hashed_secret": "7e062df066829ea0bc4c257f3afca167efd00adf",
        "is_verified": false,
        "line_number": 19,
        "is_secret": false
      }
    ],
    "scripts\\gates\\RS_G01.py": [
      {
        "type": "Hex High Entropy String",
        "filename": "scripts\\gates\\RS_G01.py",
        "hashed_secret": "341ed090d8ffa1c31947df5bdd27c4a65b5a2073",
        "is_verified": false,
        "line_number": 106,
        "is_secret": false
      }
    ],
    "scripts\\gates\\RS_G02.py": [
      {
        "type": "Hex High Entropy String",
        "filename": "scripts\\gates\\RS_G02.py",
        "hashed_secret": "341ed090d8ffa1c31947df5bdd27c4a65b5a2073",
        "is_verified": false,
        "line_number": 56,
        "is_secret": false
      }
    ],
    "scripts\\gates\\RS_G03.py": [
      {
        "type": "Hex High Entropy String",
        "filename": "scripts\\gates\\RS_G03.py",
        "hashed_secret": "341ed090d8ffa1c31947df5bdd27c4a65b5a2073",
        "is_verified": false,
        "line_number": 56,
        "is_secret": false
      }
    ],
    "scripts\\gates\\RS_G04.py": [
      {
        "type": "Hex High Entropy String",
        "filename": "scripts\\gates\\RS_G04.py",
        "hashed_secret": "341ed090d8ffa1c31947df5bdd27c4a65b5a2073",
        "is_verified": false,
        "line_number": 66,
        "is_secret": false
      }
    ],
    "scripts\\gates\\RS_G05.py": [
      {
        "type": "Hex High Entropy String",
        "filename": "scripts\\gates\\RS_G05.py",
        "hashed_secret": "341ed090d8ffa1c31947df5bdd27c4a65b5a2073",
        "is_verified": false,
        "line_number": 47,
        "is_secret": false
      }
    ],
    "scripts\\gates\\RS_G06.py": [
      {
        "type": "Hex High Entropy String",
        "filename": "scripts\\gates\\RS_G06.py",
        "hashed_secret": "341ed090d8ffa1c31947df5bdd27c4a65b5a2073",
        "is_verified": false,
        "line_number": 53,
        "is_secret": false
      }
    ],
    "scripts\\gates\\RS_G07.py": [
      {
        "type": "Hex High Entropy String",
        "filename": "scripts\\gates\\RS_G07.py",
        "hashed_secret": "341ed090d8ffa1c31947df5bdd27c4a65b5a2073",
        "is_verified": false,
        "line_number": 44,
        "is_secret": false
      }
    ],
    "scripts\\gates\\RS_G08.py": [
      {
        "type": "Hex High Entropy String",
        "filename": "scripts\\gates\\RS_G08.py",
        "hashed_secret": "341ed090d8ffa1c31947df5bdd27c4a65b5a2073",
        "is_verified": false,
        "line_number": 43,
        "is_secret": false
      }
    ],
    "scripts\\gates\\RS_G09.py": [
      {
        "type": "Hex High Entropy String",
        "filename": "scripts\\gates\\RS_G09.py",
        "hashed_secret": "341ed090d8ffa1c31947df5bdd27c4a65b5a2073",
        "is_verified": false,
        "line_number": 49,
        "is_secret": false
      }
    ],
    "scripts\\gates\\RS_G10.py": [
      {
        "type": "Hex High Entropy String",
        "filename": "scripts\\gates\\RS_G10.py",
        "hashed_secret": "341ed090d8ffa1c31947df5bdd27c4a65b5a2073",
        "is_verified": false,
        "line_number": 217,
        "is_secret": false
      }
    ],
    "scripts\\gates\\RS_G11.py": [
      {
        "type": "Hex High Entropy String",
        "filename": "scripts\\gates\\RS_G11.py",
        "hashed_secret": "341ed090d8ffa1c31947df5bdd27c4a65b5a2073",
        "is_verified": false,
        "line_number": 57,
        "is_secret": false
      }
    ],
    "scripts\\gates\\RS_G12.py": [
      {
        "type": "Hex High Entropy String",
        "filename": "scripts\\gates\\RS_G12.py",
        "hashed_secret": "341ed090d8ffa1c31947df5bdd27c4a65b5a2073",
        "is_verified": false,
        "line_number": 166,
        "is_secret": false
      }
    ],
    "scripts\\gates\\RS_G13.py": [
      {
        "type": "Hex High Entropy String",
        "filename": "scripts\\gates\\RS_G13.py",
        "hashed_secret": "341ed090d8ffa1c31947df5bdd27c4a65b5a2073",
        "is_verified": false,
        "line_number": 376,
        "is_secret": false
      }
    ],
    "tests\\test_gate_verifiers.py": [
      {
        "type": "Hex High Entropy String",
        "filename": "tests\\test_gate_verifiers.py",
        "hashed_secret": "ce604e89bc3aa130d0474efb36b54c977f16b504",
        "is_verified": false,
        "line_number": 552,
        "is_secret": false
      }
    ],
    "tests\\test_security_tooling.py": [
      {
        "type": "Secret Keyword",
        "filename": "tests\\test_security_tooling.py",
        "hashed_secret": "70014f3612c19f01c07f1a69d7e86954df643f09",
        "is_verified": false,
        "line_number": 23,
        "is_secret": false
      }
    ]
  },
  "generated_at": "2026-07-27T10:31:45Z"
}
